45x30
VOID:v
GRASS:g
TREE:t
ROCK:r
MAP_BORDER:b
WATER:w
SPAWN:s
TELEPORTER_RED:h
TELEPORTER_BLUE:j
TELEPORTER_GREEN:k
TELEPORTER_YELLOW:l

b b b b b b b b b b b b b b b b b b b b b b b b b b b b b b b b b b b b b b b b b b b b b 
b s g g g g g g g t k t t t t t t t t t t t t t t t t t t t t t t t t t t j g g g g g g b 
b t t t t t t t g t g t g g g g g t g g g g g g g t g g g g g g g g g g t t g t t t t g b 
b t t t t t t t g t g t t t t t g t g t t t g t g t t t g t t t t t t g t t g g g g t g b 
b g g g g g g t g t g g g g g g g t g t g t g t g t g g g t g g g t t g t t t t t t t g b 
b g t t t t g t g t g t t g t t t t g t g t g t g t g t g t t t g t t g g g g g g g t g b 
b g t t g g g t g t g t t g t t g t g t g t g t g t g t g g g t g t t t t t t t t g g g b 
b h t t g t t t g t g t g g g g g t g t g t g t g t g t g t t t g g g g g g g t t g t t b 
b t t t g t t t g t t t t t t t g g g g g t g t t t g t g t t t t t t t t t g t t g t g b 
b t g g g g l t g g g g g g t t t t t t t t g t g g g t g g g g g g g t g t g t t g t g b 
b t g t t t t t t t t t t g t t g g g g g g g t g t t t t t t t t t g t g t g g g g t g b 
b t g t t t t t t t t t t g t t g t t t t t g t g t g g g g g g g t g t g t g t t t t g b 
b t g t t g g g g g g g g g t t g t t t g g g t g t g t t t t t g t g t g t g t g g g g b 
b t g t t g t t t t t t t t t g g g g t g t t t g t g g g g t t g t g t g t g t t t t g b 
b g g g t g t t g g g t t g t g t t g t g t t t g t t t t g t t g t g t g g g g g g g g b 
b g t g t g t t g t g t t g t g t t g t g g g t g t t t t g t t g t g t t t t t t t t g b 
b g t g t g t t g t g g g g t g t t g t t t t t g g g t t g t t t t g g g g g g t g t g b 
b g t g t g t t g t t t t t t g t t g t t t t t t t g t t g t t t t t t t t t g t g t g b 
b g t g t g t t g g g g g g g g t t g t t g g g g t g t t g g g g g g g g g t g t g t g b 
b g t g g g t t t t t t t g t t t t g t t g t t g t g t t g t t t t t t t g t g t g g g b 
b t t g t g g g g g g g t g t g g g g g g g t t g t g t t g t t g g g g g g t g t t t t b 
b g t g t t t t t t t g t g t t t t t t t g t t g t g t t t t t g t t t t t t g g g g g b 
b g t g t g t g t t t g t t t t t t t g t g t t g g g g g g g g g t g g g g t g t t t g b 
b g t g t g t g g g t g g g g g g t t g t g t t t t t t t t t t t t g t t g t g g g t g b 
b g g g g g t g t t t t t t t t g t t g g g t t t t t t t t t t t t g t t g t g t g t g b 
b g t t t t t g g g g g g g g t g t t t g t t t g g g g g g g g t t g t t g t g t g t g b 
b g t t j t t g t t g t t t t t g t l g g g k t g t t t t t t g t t g t t g t t t t t g b 
b g t t g t t g t t g g g g g g g t t t t t t t g t t t t t t g t t g t t g g g g g g g b 
b g t t g g g g t t t t t t t t g g g g g g g g g t g g g g g g g g g t t g t t t t t h b
b b b b b b b b b b b b b b b b b b b b b b b b b b b b b b b b b b b b b b b b b b b b b

com.github.schnupperstudium.robots.entity.item.Star 22 15
com.github.schnupperstudium.robots.entity.item.Star 4 4
com.github.schnupperstudium.robots.entity.item.Star 41 25
com.github.schnupperstudium.robots.entity.item.Star 5 24
com.github.schnupperstudium.robots.entity.item.Star 40 5